2026-05-09 21:01:30 | WARNING  | data.news | Feed fetch failed (https://www.moneycontrol.com/rss/marketsindia.xml): 403 Client Error: Forbidden for url: https://www.moneycontrol.com/rss/marketsindia.xml
2026-05-09 21:04:17 | WARNING  | data.news | Feed fetch failed (https://www.moneycontrol.com/rss/marketsindia.xml): 403 Client Error: Forbidden for url: https://www.moneycontrol.com/rss/marketsindia.xml
2026-05-09 21:10:45 | WARNING  | data.news | Feed fetch failed (https://www.moneycontrol.com/rss/marketsindia.xml): 403 Client Error: Forbidden for url: https://www.moneycontrol.com/rss/marketsindia.xml
2026-05-09 21:12:43 | WARNING  | data.news | Feed fetch failed (https://www.moneycontrol.com/rss/marketsindia.xml): 403 Client Error: Forbidden for url: https://www.moneycontrol.com/rss/marketsindia.xml
2026-05-09 21:15:07 | WARNING  | data.news | Feed fetch failed (https://www.moneycontrol.com/rss/marketsindia.xml): 403 Client Error: Forbidden for url: https://www.moneycontrol.com/rss/marketsindia.xml
2026-05-09 21:16:07 | WARNING  | data.news | Feed fetch failed (https://www.moneycontrol.com/rss/marketsindia.xml): 403 Client Error: Forbidden for url: https://www.moneycontrol.com/rss/marketsindia.xml
2026-05-09 21:17:24 | WARNING  | data.news | Feed fetch failed (https://www.moneycontrol.com/rss/marketsindia.xml): 403 Client Error: Forbidden for url: https://www.moneycontrol.com/rss/marketsindia.xml
2026-05-09 21:25:34 | WARNING  | data.news | Feed fetch failed (https://www.moneycontrol.com/rss/marketsindia.xml): 403 Client Error: Forbidden for url: https://www.moneycontrol.com/rss/marketsindia.xml
2026-05-09 21:27:45 | WARNING  | data.news | Feed fetch failed (https://www.moneycontrol.com/rss/marketsindia.xml): 403 Client Error: Forbidden for url: https://www.moneycontrol.com/rss/marketsindia.xml
2026-05-09 21:29:55 | WARNING  | data.news | Feed fetch failed (https://www.moneycontrol.com/rss/marketsindia.xml): 403 Client Error: Forbidden for url: https://www.moneycontrol.com/rss/marketsindia.xml
2026-05-09 21:32:03 | WARNING  | data.news | Feed fetch failed (https://www.moneycontrol.com/rss/marketsindia.xml): 403 Client Error: Forbidden for url: https://www.moneycontrol.com/rss/marketsindia.xml
2026-05-09 21:35:04 | WARNING  | data.news | Feed fetch failed (https://www.moneycontrol.com/rss/marketsindia.xml): 403 Client Error: Forbidden for url: https://www.moneycontrol.com/rss/marketsindia.xml
2026-05-09 21:37:30 | WARNING  | data.news | Feed fetch failed (https://www.moneycontrol.com/rss/marketsindia.xml): 403 Client Error: Forbidden for url: https://www.moneycontrol.com/rss/marketsindia.xml
2026-05-09 21:40:32 | WARNING  | data.news | Feed fetch failed (https://www.moneycontrol.com/rss/marketsindia.xml): 403 Client Error: Forbidden for url: https://www.moneycontrol.com/rss/marketsindia.xml
2026-05-09 21:43:32 | WARNING  | data.news | Feed fetch failed (https://www.moneycontrol.com/rss/marketsindia.xml): 403 Client Error: Forbidden for url: https://www.moneycontrol.com/rss/marketsindia.xml
2026-05-09 21:46:33 | WARNING  | data.news | Feed fetch failed (https://www.moneycontrol.com/rss/marketsindia.xml): 403 Client Error: Forbidden for url: https://www.moneycontrol.com/rss/marketsindia.xml
2026-05-09 21:49:33 | WARNING  | data.news | Feed fetch failed (https://www.moneycontrol.com/rss/marketsindia.xml): 403 Client Error: Forbidden for url: https://www.moneycontrol.com/rss/marketsindia.xml
2026-05-09 21:52:32 | WARNING  | data.news | Feed fetch failed (https://www.moneycontrol.com/rss/marketsindia.xml): 403 Client Error: Forbidden for url: https://www.moneycontrol.com/rss/marketsindia.xml
2026-05-09 21:55:32 | WARNING  | data.news | Feed fetch failed (https://www.moneycontrol.com/rss/marketsindia.xml): 403 Client Error: Forbidden for url: https://www.moneycontrol.com/rss/marketsindia.xml
2026-05-09 21:58:32 | WARNING  | data.news | Feed fetch failed (https://www.moneycontrol.com/rss/marketsindia.xml): 403 Client Error: Forbidden for url: https://www.moneycontrol.com/rss/marketsindia.xml
2026-05-09 22:01:33 | WARNING  | data.news | Feed fetch failed (https://www.moneycontrol.com/rss/marketsindia.xml): 403 Client Error: Forbidden for url: https://www.moneycontrol.com/rss/marketsindia.xml
2026-05-09 22:09:14 | WARNING  | data.news | Feed fetch failed (https://www.moneycontrol.com/rss/marketsindia.xml): 403 Client Error: Forbidden for url: https://www.moneycontrol.com/rss/marketsindia.xml
2026-05-09 22:14:39 | WARNING  | data.news | Feed fetch failed (https://www.moneycontrol.com/rss/marketsindia.xml): 403 Client Error: Forbidden for url: https://www.moneycontrol.com/rss/marketsindia.xml
2026-05-09 22:17:36 | WARNING  | data.news | Feed fetch failed (https://www.moneycontrol.com/rss/marketsindia.xml): 403 Client Error: Forbidden for url: https://www.moneycontrol.com/rss/marketsindia.xml
2026-05-09 22:21:35 | WARNING  | data.news | Feed fetch failed (https://www.moneycontrol.com/rss/marketsindia.xml): 403 Client Error: Forbidden for url: https://www.moneycontrol.com/rss/marketsindia.xml
2026-05-09 22:24:32 | WARNING  | data.news | Feed fetch failed (https://www.moneycontrol.com/rss/marketsindia.xml): 403 Client Error: Forbidden for url: https://www.moneycontrol.com/rss/marketsindia.xml
2026-05-09 22:27:32 | WARNING  | data.news | Feed fetch failed (https://www.moneycontrol.com/rss/marketsindia.xml): 403 Client Error: Forbidden for url: https://www.moneycontrol.com/rss/marketsindia.xml
2026-05-09 22:30:32 | WARNING  | data.news | Feed fetch failed (https://www.moneycontrol.com/rss/marketsindia.xml): 403 Client Error: Forbidden for url: https://www.moneycontrol.com/rss/marketsindia.xml
2026-05-09 22:33:33 | WARNING  | data.news | Feed fetch failed (https://www.moneycontrol.com/rss/marketsindia.xml): 403 Client Error: Forbidden for url: https://www.moneycontrol.com/rss/marketsindia.xml
2026-05-09 22:36:32 | WARNING  | data.news | Feed fetch failed (https://www.moneycontrol.com/rss/marketsindia.xml): 403 Client Error: Forbidden for url: https://www.moneycontrol.com/rss/marketsindia.xml
2026-05-09 22:37:42 | WARNING  | data.news | Feed fetch failed (https://www.moneycontrol.com/rss/marketsindia.xml): 403 Client Error: Forbidden for url: https://www.moneycontrol.com/rss/marketsindia.xml
2026-05-09 22:43:38 | WARNING  | data.news | Feed fetch failed (https://www.moneycontrol.com/rss/marketsindia.xml): 403 Client Error: Forbidden for url: https://www.moneycontrol.com/rss/marketsindia.xml
2026-05-09 22:46:17 | WARNING  | data.news | Feed fetch failed (https://www.moneycontrol.com/rss/marketsindia.xml): 403 Client Error: Forbidden for url: https://www.moneycontrol.com/rss/marketsindia.xml
2026-05-09 22:47:23 | WARNING  | data.news | Feed fetch failed (https://www.moneycontrol.com/rss/marketsindia.xml): 403 Client Error: Forbidden for url: https://www.moneycontrol.com/rss/marketsindia.xml
2026-05-09 23:05:24 | WARNING  | data.news | Feed fetch failed (https://www.moneycontrol.com/rss/marketsindia.xml): 403 Client Error: Forbidden for url: https://www.moneycontrol.com/rss/marketsindia.xml
2026-05-09 23:06:56 | WARNING  | data.news | Feed fetch failed (https://www.moneycontrol.com/rss/marketsindia.xml): 403 Client Error: Forbidden for url: https://www.moneycontrol.com/rss/marketsindia.xml
2026-05-09 23:09:06 | WARNING  | data.news | Feed fetch failed (https://www.moneycontrol.com/rss/marketsindia.xml): 403 Client Error: Forbidden for url: https://www.moneycontrol.com/rss/marketsindia.xml
2026-05-09 23:11:17 | WARNING  | data.news | Feed fetch failed (https://www.moneycontrol.com/rss/marketsindia.xml): 403 Client Error: Forbidden for url: https://www.moneycontrol.com/rss/marketsindia.xml
2026-05-09 23:13:29 | WARNING  | data.news | Feed fetch failed (https://www.moneycontrol.com/rss/marketsindia.xml): 403 Client Error: Forbidden for url: https://www.moneycontrol.com/rss/marketsindia.xml
2026-05-09 23:15:38 | WARNING  | data.news | Feed fetch failed (https://www.moneycontrol.com/rss/marketsindia.xml): 403 Client Error: Forbidden for url: https://www.moneycontrol.com/rss/marketsindia.xml
2026-05-09 23:17:47 | WARNING  | data.news | Feed fetch failed (https://www.moneycontrol.com/rss/marketsindia.xml): 403 Client Error: Forbidden for url: https://www.moneycontrol.com/rss/marketsindia.xml
2026-05-09 23:23:02 | WARNING  | data.news | Feed fetch failed (https://www.moneycontrol.com/rss/marketsindia.xml): 403 Client Error: Forbidden for url: https://www.moneycontrol.com/rss/marketsindia.xml
2026-05-11 21:15:47 | WARNING  | data.news | Feed fetch failed (https://www.moneycontrol.com/rss/marketsindia.xml): 403 Client Error: Forbidden for url: https://www.moneycontrol.com/rss/marketsindia.xml
2026-05-11 21:18:55 | WARNING  | data.news | Feed fetch failed (https://www.moneycontrol.com/rss/marketsindia.xml): 403 Client Error: Forbidden for url: https://www.moneycontrol.com/rss/marketsindia.xml
2026-05-11 21:21:26 | WARNING  | data.news | Feed fetch failed (https://www.moneycontrol.com/rss/marketsindia.xml): 403 Client Error: Forbidden for url: https://www.moneycontrol.com/rss/marketsindia.xml
2026-05-11 21:23:30 | WARNING  | data.news | Feed fetch failed (https://www.moneycontrol.com/rss/marketsindia.xml): 403 Client Error: Forbidden for url: https://www.moneycontrol.com/rss/marketsindia.xml
2026-05-11 21:26:24 | WARNING  | data.news | Feed fetch failed (https://www.moneycontrol.com/rss/marketsindia.xml): 403 Client Error: Forbidden for url: https://www.moneycontrol.com/rss/marketsindia.xml
2026-05-11 21:29:06 | WARNING  | data.news | Feed fetch failed (https://www.moneycontrol.com/rss/marketsindia.xml): 403 Client Error: Forbidden for url: https://www.moneycontrol.com/rss/marketsindia.xml
2026-05-11 21:37:38 | WARNING  | data.news | Feed fetch failed (https://www.moneycontrol.com/rss/marketsindia.xml): 403 Client Error: Forbidden for url: https://www.moneycontrol.com/rss/marketsindia.xml
2026-05-11 21:39:54 | WARNING  | data.news | Feed fetch failed (https://www.moneycontrol.com/rss/marketsindia.xml): 403 Client Error: Forbidden for url: https://www.moneycontrol.com/rss/marketsindia.xml
2026-05-11 21:42:33 | WARNING  | data.news | Feed fetch failed (https://www.moneycontrol.com/rss/marketsindia.xml): 403 Client Error: Forbidden for url: https://www.moneycontrol.com/rss/marketsindia.xml
2026-05-11 21:44:48 | WARNING  | data.news | Feed fetch failed (https://www.moneycontrol.com/rss/marketsindia.xml): 403 Client Error: Forbidden for url: https://www.moneycontrol.com/rss/marketsindia.xml
2026-05-11 21:45:57 | WARNING  | data.news | Feed fetch failed (https://www.moneycontrol.com/rss/marketsindia.xml): 403 Client Error: Forbidden for url: https://www.moneycontrol.com/rss/marketsindia.xml
2026-05-11 21:48:02 | WARNING  | data.news | Feed fetch failed (https://www.moneycontrol.com/rss/marketsindia.xml): 403 Client Error: Forbidden for url: https://www.moneycontrol.com/rss/marketsindia.xml
2026-05-11 21:51:06 | WARNING  | data.news | Feed fetch failed (https://www.moneycontrol.com/rss/marketsindia.xml): 403 Client Error: Forbidden for url: https://www.moneycontrol.com/rss/marketsindia.xml
2026-05-11 21:54:06 | WARNING  | data.news | Feed fetch failed (https://www.moneycontrol.com/rss/marketsindia.xml): 403 Client Error: Forbidden for url: https://www.moneycontrol.com/rss/marketsindia.xml
2026-05-11 21:57:08 | WARNING  | data.news | Feed fetch failed (https://www.moneycontrol.com/rss/marketsindia.xml): 403 Client Error: Forbidden for url: https://www.moneycontrol.com/rss/marketsindia.xml
2026-05-11 22:00:06 | WARNING  | data.news | Feed fetch failed (https://www.moneycontrol.com/rss/marketsindia.xml): 403 Client Error: Forbidden for url: https://www.moneycontrol.com/rss/marketsindia.xml
2026-05-11 22:03:10 | WARNING  | data.news | Feed fetch failed (https://www.moneycontrol.com/rss/marketsindia.xml): 403 Client Error: Forbidden for url: https://www.moneycontrol.com/rss/marketsindia.xml
2026-05-11 22:05:21 | WARNING  | data.news | Feed fetch failed (https://www.moneycontrol.com/rss/marketsindia.xml): 403 Client Error: Forbidden for url: https://www.moneycontrol.com/rss/marketsindia.xml
2026-05-11 22:07:38 | WARNING  | data.news | Feed fetch failed (https://www.moneycontrol.com/rss/marketsindia.xml): 403 Client Error: Forbidden for url: https://www.moneycontrol.com/rss/marketsindia.xml
2026-05-11 22:10:35 | WARNING  | data.news | Feed fetch failed (https://www.moneycontrol.com/rss/marketsindia.xml): 403 Client Error: Forbidden for url: https://www.moneycontrol.com/rss/marketsindia.xml
2026-05-11 22:13:06 | WARNING  | data.news | Feed fetch failed (https://www.moneycontrol.com/rss/marketsindia.xml): 403 Client Error: Forbidden for url: https://www.moneycontrol.com/rss/marketsindia.xml
2026-05-11 22:16:06 | WARNING  | data.news | Feed fetch failed (https://www.moneycontrol.com/rss/marketsindia.xml): 403 Client Error: Forbidden for url: https://www.moneycontrol.com/rss/marketsindia.xml
2026-05-11 22:18:48 | WARNING  | data.news | Feed fetch failed (https://www.moneycontrol.com/rss/marketsindia.xml): 403 Client Error: Forbidden for url: https://www.moneycontrol.com/rss/marketsindia.xml
2026-05-11 22:21:50 | WARNING  | data.news | Feed fetch failed (https://www.moneycontrol.com/rss/marketsindia.xml): 403 Client Error: Forbidden for url: https://www.moneycontrol.com/rss/marketsindia.xml
2026-05-11 22:24:51 | WARNING  | data.news | Feed fetch failed (https://www.moneycontrol.com/rss/marketsindia.xml): 403 Client Error: Forbidden for url: https://www.moneycontrol.com/rss/marketsindia.xml
2026-05-11 22:27:50 | WARNING  | data.news | Feed fetch failed (https://www.moneycontrol.com/rss/marketsindia.xml): 403 Client Error: Forbidden for url: https://www.moneycontrol.com/rss/marketsindia.xml
2026-05-11 22:30:50 | WARNING  | data.news | Feed fetch failed (https://www.moneycontrol.com/rss/marketsindia.xml): 403 Client Error: Forbidden for url: https://www.moneycontrol.com/rss/marketsindia.xml
2026-05-11 22:33:52 | WARNING  | data.news | Feed fetch failed (https://www.moneycontrol.com/rss/marketsindia.xml): 403 Client Error: Forbidden for url: https://www.moneycontrol.com/rss/marketsindia.xml
2026-05-11 22:36:47 | WARNING  | data.news | Feed fetch failed (https://www.moneycontrol.com/rss/marketsindia.xml): 403 Client Error: Forbidden for url: https://www.moneycontrol.com/rss/marketsindia.xml
2026-05-11 22:38:57 | WARNING  | data.news | Feed fetch failed (https://www.moneycontrol.com/rss/marketsindia.xml): 403 Client Error: Forbidden for url: https://www.moneycontrol.com/rss/marketsindia.xml
2026-05-11 22:41:04 | WARNING  | data.news | Feed fetch failed (https://www.moneycontrol.com/rss/marketsindia.xml): 403 Client Error: Forbidden for url: https://www.moneycontrol.com/rss/marketsindia.xml
2026-05-11 22:44:12 | WARNING  | data.news | Feed fetch failed (https://www.moneycontrol.com/rss/marketsindia.xml): 403 Client Error: Forbidden for url: https://www.moneycontrol.com/rss/marketsindia.xml
2026-05-11 22:46:55 | WARNING  | data.news | Feed fetch failed (https://www.moneycontrol.com/rss/marketsindia.xml): 403 Client Error: Forbidden for url: https://www.moneycontrol.com/rss/marketsindia.xml
2026-05-11 22:49:10 | WARNING  | data.news | Feed fetch failed (https://www.moneycontrol.com/rss/marketsindia.xml): 403 Client Error: Forbidden for url: https://www.moneycontrol.com/rss/marketsindia.xml
2026-05-11 22:52:06 | WARNING  | data.news | Feed fetch failed (https://www.moneycontrol.com/rss/marketsindia.xml): 403 Client Error: Forbidden for url: https://www.moneycontrol.com/rss/marketsindia.xml
2026-05-11 22:54:43 | WARNING  | data.news | Feed fetch failed (https://www.moneycontrol.com/rss/marketsindia.xml): 403 Client Error: Forbidden for url: https://www.moneycontrol.com/rss/marketsindia.xml
2026-05-11 22:56:49 | WARNING  | data.news | Feed fetch failed (https://www.moneycontrol.com/rss/marketsindia.xml): 403 Client Error: Forbidden for url: https://www.moneycontrol.com/rss/marketsindia.xml
2026-05-11 23:00:12 | WARNING  | data.news | Feed fetch failed (https://www.moneycontrol.com/rss/marketsindia.xml): 403 Client Error: Forbidden for url: https://www.moneycontrol.com/rss/marketsindia.xml
2026-05-11 23:03:06 | WARNING  | data.news | Feed fetch failed (https://www.moneycontrol.com/rss/marketsindia.xml): 403 Client Error: Forbidden for url: https://www.moneycontrol.com/rss/marketsindia.xml
2026-05-11 23:05:45 | WARNING  | data.news | Feed fetch failed (https://www.moneycontrol.com/rss/marketsindia.xml): 403 Client Error: Forbidden for url: https://www.moneycontrol.com/rss/marketsindia.xml
2026-05-11 23:09:11 | WARNING  | data.news | Feed fetch failed (https://www.moneycontrol.com/rss/marketsindia.xml): 403 Client Error: Forbidden for url: https://www.moneycontrol.com/rss/marketsindia.xml
2026-05-11 23:12:06 | WARNING  | data.news | Feed fetch failed (https://www.moneycontrol.com/rss/marketsindia.xml): 403 Client Error: Forbidden for url: https://www.moneycontrol.com/rss/marketsindia.xml
2026-05-11 23:16:07 | WARNING  | data.news | Feed fetch failed (https://www.moneycontrol.com/rss/marketsindia.xml): 403 Client Error: Forbidden for url: https://www.moneycontrol.com/rss/marketsindia.xml
2026-05-11 23:18:13 | WARNING  | data.news | Feed fetch failed (https://www.moneycontrol.com/rss/marketsindia.xml): 403 Client Error: Forbidden for url: https://www.moneycontrol.com/rss/marketsindia.xml
2026-05-11 23:20:38 | WARNING  | data.news | Feed fetch failed (https://www.moneycontrol.com/rss/marketsindia.xml): 403 Client Error: Forbidden for url: https://www.moneycontrol.com/rss/marketsindia.xml
2026-05-11 23:23:06 | WARNING  | data.news | Feed fetch failed (https://www.moneycontrol.com/rss/marketsindia.xml): 403 Client Error: Forbidden for url: https://www.moneycontrol.com/rss/marketsindia.xml
2026-05-11 23:25:11 | WARNING  | data.news | Feed fetch failed (https://www.moneycontrol.com/rss/marketsindia.xml): 403 Client Error: Forbidden for url: https://www.moneycontrol.com/rss/marketsindia.xml
2026-05-11 23:28:03 | WARNING  | data.news | Feed fetch failed (https://www.moneycontrol.com/rss/marketsindia.xml): 403 Client Error: Forbidden for url: https://www.moneycontrol.com/rss/marketsindia.xml
2026-05-11 23:31:03 | WARNING  | data.news | Feed fetch failed (https://www.moneycontrol.com/rss/marketsindia.xml): 403 Client Error: Forbidden for url: https://www.moneycontrol.com/rss/marketsindia.xml
2026-05-11 23:33:09 | WARNING  | data.news | Feed fetch failed (https://www.moneycontrol.com/rss/marketsindia.xml): 403 Client Error: Forbidden for url: https://www.moneycontrol.com/rss/marketsindia.xml
2026-05-11 23:36:05 | WARNING  | data.news | Feed fetch failed (https://www.moneycontrol.com/rss/marketsindia.xml): 403 Client Error: Forbidden for url: https://www.moneycontrol.com/rss/marketsindia.xml
2026-05-11 23:38:10 | WARNING  | data.news | Feed fetch failed (https://www.moneycontrol.com/rss/marketsindia.xml): 403 Client Error: Forbidden for url: https://www.moneycontrol.com/rss/marketsindia.xml
2026-05-11 23:41:01 | WARNING  | data.news | Feed fetch failed (https://www.moneycontrol.com/rss/marketsindia.xml): 403 Client Error: Forbidden for url: https://www.moneycontrol.com/rss/marketsindia.xml
2026-05-11 23:41:11 | ERROR    | data.fetcher | get_stock_info(PCJEWELLER.NS): argument of type 'NoneType' is not iterable
2026-05-11 23:43:42 | WARNING  | data.news | Feed fetch failed (https://www.moneycontrol.com/rss/marketsindia.xml): 403 Client Error: Forbidden for url: https://www.moneycontrol.com/rss/marketsindia.xml
2026-05-11 23:46:07 | WARNING  | data.news | Feed fetch failed (https://www.moneycontrol.com/rss/marketsindia.xml): 403 Client Error: Forbidden for url: https://www.moneycontrol.com/rss/marketsindia.xml
2026-05-11 23:48:15 | WARNING  | data.news | Feed fetch failed (https://www.moneycontrol.com/rss/marketsindia.xml): 403 Client Error: Forbidden for url: https://www.moneycontrol.com/rss/marketsindia.xml
2026-05-11 23:51:14 | WARNING  | data.news | Feed fetch failed (https://www.moneycontrol.com/rss/marketsindia.xml): 403 Client Error: Forbidden for url: https://www.moneycontrol.com/rss/marketsindia.xml
2026-05-11 23:54:10 | WARNING  | data.news | Feed fetch failed (https://www.moneycontrol.com/rss/marketsindia.xml): 403 Client Error: Forbidden for url: https://www.moneycontrol.com/rss/marketsindia.xml
2026-05-11 23:56:15 | WARNING  | data.news | Feed fetch failed (https://www.moneycontrol.com/rss/marketsindia.xml): 403 Client Error: Forbidden for url: https://www.moneycontrol.com/rss/marketsindia.xml
2026-05-11 23:59:06 | WARNING  | data.news | Feed fetch failed (https://www.moneycontrol.com/rss/marketsindia.xml): 403 Client Error: Forbidden for url: https://www.moneycontrol.com/rss/marketsindia.xml
2026-05-12 00:01:15 | WARNING  | data.news | Feed fetch failed (https://www.moneycontrol.com/rss/marketsindia.xml): 403 Client Error: Forbidden for url: https://www.moneycontrol.com/rss/marketsindia.xml
2026-05-12 00:03:29 | ERROR    | data.fetcher | get_stock_info(PCJEWELLER.NS): Failed to perform, curl: (35) Recv failure: Connection was reset. See https://curl.se/libcurl/c/libcurl-errors.html first for more details.
2026-05-12 00:03:59 | ERROR    | data.fetcher | get_stock_info(ADANIENT.NS): Failed to perform, curl: (28) Connection timed out after 30012 milliseconds. See https://curl.se/libcurl/c/libcurl-errors.html first for more details.
2026-05-12 00:04:18 | ERROR    | data.fetcher | get_stock_info(RELIANCE.NS): Failed to perform, curl: (35) Recv failure: Connection was reset. See https://curl.se/libcurl/c/libcurl-errors.html first for more details.
2026-05-12 00:04:37 | ERROR    | data.fetcher | get_stock_info(TCS.NS): Failed to perform, curl: (35) Recv failure: Connection was reset. See https://curl.se/libcurl/c/libcurl-errors.html first for more details.
2026-05-12 00:05:08 | WARNING  | data.news | Feed fetch failed (https://economictimes.indiatimes.com/markets/rssfeeds/1977021501.cms): HTTPSConnectionPool(host='economictimes.indiatimes.com', port=443): Read timed out. (read timeout=10)
2026-05-12 00:05:18 | WARNING  | data.news | Feed fetch failed (https://www.moneycontrol.com/rss/marketsindia.xml): HTTPSConnectionPool(host='www.moneycontrol.com', port=443): Read timed out. (read timeout=10)
2026-05-12 00:05:29 | WARNING  | data.news | Feed fetch failed (https://feeds.feedburner.com/ndtvprofit-latest): HTTPSConnectionPool(host='feeds.feedburner.com', port=443): Read timed out. (read timeout=10)
2026-05-12 00:05:40 | WARNING  | data.news | Feed fetch failed (https://www.business-standard.com/rss/markets-106.rss): HTTPSConnectionPool(host='www.business-standard.com', port=443): Read timed out. (read timeout=10)
2026-05-12 00:05:50 | WARNING  | data.news | Feed fetch failed (https://www.livemint.com/rss/markets): HTTPSConnectionPool(host='www.livemint.com', port=443): Read timed out. (read timeout=10)
2026-05-12 00:06:29 | ERROR    | data.fetcher | get_stock_info(ADANIENT.NS): Failed to perform, curl: (35) Recv failure: Connection was reset. See https://curl.se/libcurl/c/libcurl-errors.html first for more details.
2026-05-12 00:06:29 | ERROR    | data.fetcher | get_stock_info(PCJEWELLER.NS): Failed to perform, curl: (35) Recv failure: Connection was reset. See https://curl.se/libcurl/c/libcurl-errors.html first for more details.
2026-05-12 00:06:49 | ERROR    | data.fetcher | get_stock_info(RELIANCE.NS): Failed to perform, curl: (35) Recv failure: Connection was reset. See https://curl.se/libcurl/c/libcurl-errors.html first for more details.
2026-05-12 00:07:08 | ERROR    | data.fetcher | get_stock_info(TCS.NS): Failed to perform, curl: (35) Recv failure: Connection was reset. See https://curl.se/libcurl/c/libcurl-errors.html first for more details.
2026-05-12 00:07:57 | ERROR    | data.fetcher | get_stock_info(ADANIENT.NS): Failed to perform, curl: (35) Recv failure: Connection was reset. See https://curl.se/libcurl/c/libcurl-errors.html first for more details.
2026-05-12 00:08:23 | ERROR    | data.fetcher | get_stock_info(PCJEWELLER.NS): Failed to perform, curl: (35) Recv failure: Connection was reset. See https://curl.se/libcurl/c/libcurl-errors.html first for more details.
2026-05-12 00:08:42 | ERROR    | data.fetcher | get_stock_info(RELIANCE.NS): Failed to perform, curl: (35) Recv failure: Connection was reset. See https://curl.se/libcurl/c/libcurl-errors.html first for more details.
2026-05-12 00:09:02 | ERROR    | data.fetcher | get_stock_info(TCS.NS): Failed to perform, curl: (35) Recv failure: Connection was reset. See https://curl.se/libcurl/c/libcurl-errors.html first for more details.
2026-05-12 00:09:32 | WARNING  | data.news | Feed fetch failed (https://economictimes.indiatimes.com/markets/rssfeeds/1977021501.cms): HTTPSConnectionPool(host='economictimes.indiatimes.com', port=443): Read timed out. (read timeout=10)
2026-05-12 00:09:42 | WARNING  | data.news | Feed fetch failed (https://www.moneycontrol.com/rss/marketsindia.xml): HTTPSConnectionPool(host='www.moneycontrol.com', port=443): Read timed out. (read timeout=10)
2026-05-12 00:09:53 | WARNING  | data.news | Feed fetch failed (https://feeds.feedburner.com/ndtvprofit-latest): HTTPSConnectionPool(host='feeds.feedburner.com', port=443): Max retries exceeded with url: /ndtvprofit-latest (Caused by SSLError(SSLEOFError(8, '[SSL: UNEXPECTED_EOF_WHILE_READING] EOF occurred in violation of protocol (_ssl.c:1006)')))
2026-05-12 00:10:03 | WARNING  | data.news | Feed fetch failed (https://www.business-standard.com/rss/markets-106.rss): HTTPSConnectionPool(host='www.business-standard.com', port=443): Read timed out. (read timeout=10)
2026-05-12 00:10:13 | WARNING  | data.news | Feed fetch failed (https://www.livemint.com/rss/markets): HTTPSConnectionPool(host='www.livemint.com', port=443): Read timed out. (read timeout=10)
2026-05-12 00:10:24 | ERROR    | data.fetcher | get_stock_info(PCJEWELLER.NS): Failed to perform, curl: (35) Recv failure: Connection was reset. See https://curl.se/libcurl/c/libcurl-errors.html first for more details.
2026-05-12 00:10:43 | ERROR    | data.fetcher | get_stock_info(ADANIENT.NS): Failed to perform, curl: (35) Recv failure: Connection was reset. See https://curl.se/libcurl/c/libcurl-errors.html first for more details.
2026-05-12 00:11:03 | ERROR    | data.fetcher | get_stock_info(RELIANCE.NS): Failed to perform, curl: (35) Recv failure: Connection was reset. See https://curl.se/libcurl/c/libcurl-errors.html first for more details.
2026-05-12 00:11:22 | ERROR    | data.fetcher | get_stock_info(TCS.NS): Failed to perform, curl: (35) Recv failure: Connection was reset. See https://curl.se/libcurl/c/libcurl-errors.html first for more details.
2026-05-12 00:12:11 | ERROR    | data.fetcher | get_index_data(^CNX100): Failed to perform, curl: (35) Recv failure: Connection was reset. See https://curl.se/libcurl/c/libcurl-errors.html first for more details.
2026-05-12 00:12:21 | WARNING  | data.fetcher | No history data for ^CNX100
2026-05-12 00:12:47 | ERROR    | data.fetcher | get_stock_info(PCJEWELLER.NS): Failed to perform, curl: (35) Recv failure: Connection was reset. See https://curl.se/libcurl/c/libcurl-errors.html first for more details.
2026-05-12 00:13:06 | ERROR    | data.fetcher | get_stock_info(ADANIENT.NS): Failed to perform, curl: (35) Recv failure: Connection was reset. See https://curl.se/libcurl/c/libcurl-errors.html first for more details.
2026-05-12 00:13:25 | ERROR    | data.fetcher | get_stock_info(RELIANCE.NS): Failed to perform, curl: (35) Recv failure: Connection was reset. See https://curl.se/libcurl/c/libcurl-errors.html first for more details.
2026-05-12 00:13:45 | ERROR    | data.fetcher | get_stock_info(TCS.NS): Failed to perform, curl: (35) Recv failure: Connection was reset. See https://curl.se/libcurl/c/libcurl-errors.html first for more details.
2026-05-12 00:14:15 | WARNING  | data.news | Feed fetch failed (https://economictimes.indiatimes.com/markets/rssfeeds/1977021501.cms): HTTPSConnectionPool(host='economictimes.indiatimes.com', port=443): Read timed out. (read timeout=10)
2026-05-12 00:14:26 | WARNING  | data.news | Feed fetch failed (https://www.moneycontrol.com/rss/marketsindia.xml): HTTPSConnectionPool(host='www.moneycontrol.com', port=443): Read timed out. (read timeout=10)
2026-05-12 00:14:37 | WARNING  | data.news | Feed fetch failed (https://feeds.feedburner.com/ndtvprofit-latest): HTTPSConnectionPool(host='feeds.feedburner.com', port=443): Max retries exceeded with url: /ndtvprofit-latest (Caused by SSLError(SSLEOFError(8, '[SSL: UNEXPECTED_EOF_WHILE_READING] EOF occurred in violation of protocol (_ssl.c:1006)')))
2026-05-12 00:14:47 | WARNING  | data.news | Feed fetch failed (https://www.business-standard.com/rss/markets-106.rss): HTTPSConnectionPool(host='www.business-standard.com', port=443): Read timed out. (read timeout=10)
2026-05-12 00:14:48 | ERROR    | data.fetcher | get_stock_info(PCJEWELLER.NS): Failed to perform, curl: (28) Connection timed out after 30002 milliseconds. See https://curl.se/libcurl/c/libcurl-errors.html first for more details.
2026-05-12 00:14:58 | WARNING  | data.news | Feed fetch failed (https://www.livemint.com/rss/markets): HTTPSConnectionPool(host='www.livemint.com', port=443): Read timed out. (read timeout=10)
2026-05-12 00:15:07 | ERROR    | data.fetcher | get_stock_info(ADANIENT.NS): Failed to perform, curl: (35) Recv failure: Connection was reset. See https://curl.se/libcurl/c/libcurl-errors.html first for more details.
2026-05-12 00:15:27 | ERROR    | data.fetcher | get_stock_info(RELIANCE.NS): Failed to perform, curl: (35) Recv failure: Connection was reset. See https://curl.se/libcurl/c/libcurl-errors.html first for more details.
2026-05-12 00:15:46 | ERROR    | data.fetcher | get_stock_info(TCS.NS): Failed to perform, curl: (35) Recv failure: Connection was reset. See https://curl.se/libcurl/c/libcurl-errors.html first for more details.
2026-05-12 00:23:44 | WARNING  | data.news | Feed fetch failed (https://www.moneycontrol.com/rss/marketsindia.xml): 403 Client Error: Forbidden for url: https://www.moneycontrol.com/rss/marketsindia.xml
2026-05-12 19:30:16 | WARNING  | data.news | Feed fetch failed (https://www.moneycontrol.com/rss/marketsindia.xml): 403 Client Error: Forbidden for url: https://www.moneycontrol.com/rss/marketsindia.xml
2026-05-12 19:32:57 | WARNING  | data.news | Feed fetch failed (https://www.moneycontrol.com/rss/marketsindia.xml): 403 Client Error: Forbidden for url: https://www.moneycontrol.com/rss/marketsindia.xml
2026-05-12 19:32:57 | WARNING  | data.news | Feed fetch failed (https://www.moneycontrol.com/rss/marketsindia.xml): 403 Client Error: Forbidden for url: https://www.moneycontrol.com/rss/marketsindia.xml
2026-05-12 19:36:10 | WARNING  | data.news | Feed fetch failed (https://www.moneycontrol.com/rss/marketsindia.xml): 403 Client Error: Forbidden for url: https://www.moneycontrol.com/rss/marketsindia.xml
2026-05-12 19:39:09 | WARNING  | data.news | Feed fetch failed (https://www.moneycontrol.com/rss/marketsindia.xml): 403 Client Error: Forbidden for url: https://www.moneycontrol.com/rss/marketsindia.xml
2026-05-12 19:41:43 | WARNING  | data.news | Feed fetch failed (https://www.moneycontrol.com/rss/marketsindia.xml): 403 Client Error: Forbidden for url: https://www.moneycontrol.com/rss/marketsindia.xml
2026-05-12 19:44:02 | WARNING  | data.news | Feed fetch failed (https://www.moneycontrol.com/rss/marketsindia.xml): 403 Client Error: Forbidden for url: https://www.moneycontrol.com/rss/marketsindia.xml
2026-05-12 19:47:00 | WARNING  | data.news | Feed fetch failed (https://www.moneycontrol.com/rss/marketsindia.xml): 403 Client Error: Forbidden for url: https://www.moneycontrol.com/rss/marketsindia.xml
2026-05-12 19:49:22 | WARNING  | data.news | Feed fetch failed (https://www.moneycontrol.com/rss/marketsindia.xml): 403 Client Error: Forbidden for url: https://www.moneycontrol.com/rss/marketsindia.xml
2026-05-12 19:52:20 | WARNING  | data.news | Feed fetch failed (https://www.moneycontrol.com/rss/marketsindia.xml): 403 Client Error: Forbidden for url: https://www.moneycontrol.com/rss/marketsindia.xml
2026-05-12 19:54:48 | WARNING  | data.news | Feed fetch failed (https://www.moneycontrol.com/rss/marketsindia.xml): 403 Client Error: Forbidden for url: https://www.moneycontrol.com/rss/marketsindia.xml
2026-05-12 19:57:19 | WARNING  | data.news | Feed fetch failed (https://www.moneycontrol.com/rss/marketsindia.xml): 403 Client Error: Forbidden for url: https://www.moneycontrol.com/rss/marketsindia.xml
2026-05-12 20:00:10 | WARNING  | data.news | Feed fetch failed (https://www.moneycontrol.com/rss/marketsindia.xml): 403 Client Error: Forbidden for url: https://www.moneycontrol.com/rss/marketsindia.xml
2026-05-12 20:02:19 | WARNING  | data.news | Feed fetch failed (https://www.moneycontrol.com/rss/marketsindia.xml): 403 Client Error: Forbidden for url: https://www.moneycontrol.com/rss/marketsindia.xml
2026-05-12 20:05:06 | WARNING  | data.news | Feed fetch failed (https://www.moneycontrol.com/rss/marketsindia.xml): 403 Client Error: Forbidden for url: https://www.moneycontrol.com/rss/marketsindia.xml
2026-05-12 20:07:13 | WARNING  | data.news | Feed fetch failed (https://www.moneycontrol.com/rss/marketsindia.xml): 403 Client Error: Forbidden for url: https://www.moneycontrol.com/rss/marketsindia.xml
2026-05-12 20:10:09 | WARNING  | data.news | Feed fetch failed (https://www.moneycontrol.com/rss/marketsindia.xml): 403 Client Error: Forbidden for url: https://www.moneycontrol.com/rss/marketsindia.xml
2026-05-12 20:12:20 | WARNING  | data.news | Feed fetch failed (https://www.moneycontrol.com/rss/marketsindia.xml): 403 Client Error: Forbidden for url: https://www.moneycontrol.com/rss/marketsindia.xml
2026-05-12 20:15:05 | WARNING  | data.news | Feed fetch failed (https://www.moneycontrol.com/rss/marketsindia.xml): 403 Client Error: Forbidden for url: https://www.moneycontrol.com/rss/marketsindia.xml
2026-05-12 20:17:15 | WARNING  | data.news | Feed fetch failed (https://www.moneycontrol.com/rss/marketsindia.xml): 403 Client Error: Forbidden for url: https://www.moneycontrol.com/rss/marketsindia.xml
2026-05-12 20:20:18 | WARNING  | data.news | Feed fetch failed (https://www.moneycontrol.com/rss/marketsindia.xml): 403 Client Error: Forbidden for url: https://www.moneycontrol.com/rss/marketsindia.xml
2026-05-12 20:23:04 | WARNING  | data.news | Feed fetch failed (https://www.moneycontrol.com/rss/marketsindia.xml): 403 Client Error: Forbidden for url: https://www.moneycontrol.com/rss/marketsindia.xml
2026-05-12 20:26:08 | WARNING  | data.news | Feed fetch failed (https://www.moneycontrol.com/rss/marketsindia.xml): 403 Client Error: Forbidden for url: https://www.moneycontrol.com/rss/marketsindia.xml
2026-05-12 20:28:55 | WARNING  | data.news | Feed fetch failed (https://www.moneycontrol.com/rss/marketsindia.xml): 403 Client Error: Forbidden for url: https://www.moneycontrol.com/rss/marketsindia.xml
2026-05-12 20:31:51 | WARNING  | data.news | Feed fetch failed (https://www.moneycontrol.com/rss/marketsindia.xml): 403 Client Error: Forbidden for url: https://www.moneycontrol.com/rss/marketsindia.xml
2026-05-12 20:35:09 | WARNING  | data.news | Feed fetch failed (https://www.moneycontrol.com/rss/marketsindia.xml): 403 Client Error: Forbidden for url: https://www.moneycontrol.com/rss/marketsindia.xml
2026-05-12 20:39:11 | WARNING  | data.news | Feed fetch failed (https://www.moneycontrol.com/rss/marketsindia.xml): 403 Client Error: Forbidden for url: https://www.moneycontrol.com/rss/marketsindia.xml
2026-05-12 20:41:17 | WARNING  | data.news | Feed fetch failed (https://www.moneycontrol.com/rss/marketsindia.xml): 403 Client Error: Forbidden for url: https://www.moneycontrol.com/rss/marketsindia.xml
2026-05-12 20:44:21 | WARNING  | data.news | Feed fetch failed (https://www.moneycontrol.com/rss/marketsindia.xml): 403 Client Error: Forbidden for url: https://www.moneycontrol.com/rss/marketsindia.xml
2026-05-12 20:47:09 | WARNING  | data.news | Feed fetch failed (https://www.moneycontrol.com/rss/marketsindia.xml): 403 Client Error: Forbidden for url: https://www.moneycontrol.com/rss/marketsindia.xml
2026-05-12 20:50:09 | WARNING  | data.news | Feed fetch failed (https://www.moneycontrol.com/rss/marketsindia.xml): 403 Client Error: Forbidden for url: https://www.moneycontrol.com/rss/marketsindia.xml
2026-05-12 20:53:12 | WARNING  | data.news | Feed fetch failed (https://www.moneycontrol.com/rss/marketsindia.xml): 403 Client Error: Forbidden for url: https://www.moneycontrol.com/rss/marketsindia.xml
2026-05-12 20:56:21 | WARNING  | data.news | Feed fetch failed (https://www.moneycontrol.com/rss/marketsindia.xml): 403 Client Error: Forbidden for url: https://www.moneycontrol.com/rss/marketsindia.xml
2026-05-12 20:59:21 | WARNING  | data.news | Feed fetch failed (https://www.moneycontrol.com/rss/marketsindia.xml): 403 Client Error: Forbidden for url: https://www.moneycontrol.com/rss/marketsindia.xml
2026-05-24 12:56:20 | WARNING  | data.fetcher | No history data for GC=F
2026-05-24 13:23:44 | WARNING  | data.news | Feed fetch failed (https://www.moneycontrol.com/rss/marketsindia.xml): HTTPSConnectionPool(host='www.moneycontrol.com', port=443): Read timed out. (read timeout=10)
2026-05-24 14:07:05 | ERROR    | data.fetcher | get_stock_info(ADANIENT.NS): Failed to perform, curl: (56) Connection closed abruptly. See https://curl.se/libcurl/c/libcurl-errors.html first for more details.
2026-05-24 14:28:03 | ERROR    | data.fetcher | get_stock_info(PCJEWELLER.NS): unable to open database file
2026-05-24 14:28:03 | ERROR    | data.fetcher | get_stock_info(ADANIENT.NS): unable to open database file
2026-05-24 14:28:03 | ERROR    | data.fetcher | get_stock_info(RELIANCE.NS): unable to open database file
2026-05-24 14:28:03 | ERROR    | data.fetcher | get_stock_info(TCS.NS): unable to open database file
2026-05-24 14:28:05 | WARNING  | data.news | Feed fetch failed (https://economictimes.indiatimes.com/markets/rssfeeds/1977021501.cms): HTTPSConnectionPool(host='economictimes.indiatimes.com', port=443): Max retries exceeded with url: /markets/rssfeeds/1977021501.cms (Caused by ProxyError('Unable to connect to proxy', NewConnectionError("HTTPSConnection(host='127.0.0.1', port=9): Failed to establish a new connection: [WinError 10061] No connection could be made because the target machine actively refused it")))
2026-05-24 14:28:07 | WARNING  | data.news | Feed fetch failed (https://www.moneycontrol.com/rss/marketsindia.xml): HTTPSConnectionPool(host='www.moneycontrol.com', port=443): Max retries exceeded with url: /rss/marketsindia.xml (Caused by ProxyError('Unable to connect to proxy', NewConnectionError("HTTPSConnection(host='127.0.0.1', port=9): Failed to establish a new connection: [WinError 10061] No connection could be made because the target machine actively refused it")))
2026-05-24 14:28:09 | WARNING  | data.news | Feed fetch failed (https://feeds.feedburner.com/ndtvprofit-latest): HTTPSConnectionPool(host='feeds.feedburner.com', port=443): Max retries exceeded with url: /ndtvprofit-latest (Caused by ProxyError('Unable to connect to proxy', NewConnectionError("HTTPSConnection(host='127.0.0.1', port=9): Failed to establish a new connection: [WinError 10061] No connection could be made because the target machine actively refused it")))
2026-05-24 14:28:11 | WARNING  | data.news | Feed fetch failed (https://www.business-standard.com/rss/markets-106.rss): HTTPSConnectionPool(host='www.business-standard.com', port=443): Max retries exceeded with url: /rss/markets-106.rss (Caused by ProxyError('Unable to connect to proxy', NewConnectionError("HTTPSConnection(host='127.0.0.1', port=9): Failed to establish a new connection: [WinError 10061] No connection could be made because the target machine actively refused it")))
2026-05-24 14:28:13 | WARNING  | data.news | Feed fetch failed (https://www.livemint.com/rss/markets): HTTPSConnectionPool(host='www.livemint.com', port=443): Max retries exceeded with url: /rss/markets (Caused by ProxyError('Unable to connect to proxy', NewConnectionError("HTTPSConnection(host='127.0.0.1', port=9): Failed to establish a new connection: [WinError 10061] No connection could be made because the target machine actively refused it")))
2026-05-24 14:28:13 | ERROR    | data.fetcher | get_index_data(^CNX100): unable to open database file
2026-05-24 14:28:13 | WARNING  | data.fetcher | No history data for ^CNX100
2026-05-24 14:28:21 | ERROR    | data.fetcher | get_stock_info(PCJEWELLER.NS): unable to open database file
2026-05-24 14:28:21 | ERROR    | data.fetcher | get_stock_info(ADANIENT.NS): unable to open database file
2026-05-24 14:28:21 | ERROR    | data.fetcher | get_stock_info(RELIANCE.NS): unable to open database file
2026-05-24 14:28:21 | ERROR    | data.fetcher | get_stock_info(TCS.NS): unable to open database file
2026-05-24 14:28:23 | WARNING  | data.news | Feed fetch failed (https://economictimes.indiatimes.com/markets/rssfeeds/1977021501.cms): HTTPSConnectionPool(host='economictimes.indiatimes.com', port=443): Max retries exceeded with url: /markets/rssfeeds/1977021501.cms (Caused by ProxyError('Unable to connect to proxy', NewConnectionError("HTTPSConnection(host='127.0.0.1', port=9): Failed to establish a new connection: [WinError 10061] No connection could be made because the target machine actively refused it")))
2026-05-24 14:28:25 | WARNING  | data.news | Feed fetch failed (https://www.moneycontrol.com/rss/marketsindia.xml): HTTPSConnectionPool(host='www.moneycontrol.com', port=443): Max retries exceeded with url: /rss/marketsindia.xml (Caused by ProxyError('Unable to connect to proxy', NewConnectionError("HTTPSConnection(host='127.0.0.1', port=9): Failed to establish a new connection: [WinError 10061] No connection could be made because the target machine actively refused it")))
2026-05-24 14:28:27 | WARNING  | data.news | Feed fetch failed (https://feeds.feedburner.com/ndtvprofit-latest): HTTPSConnectionPool(host='feeds.feedburner.com', port=443): Max retries exceeded with url: /ndtvprofit-latest (Caused by ProxyError('Unable to connect to proxy', NewConnectionError("HTTPSConnection(host='127.0.0.1', port=9): Failed to establish a new connection: [WinError 10061] No connection could be made because the target machine actively refused it")))
2026-05-24 14:28:29 | WARNING  | data.news | Feed fetch failed (https://www.business-standard.com/rss/markets-106.rss): HTTPSConnectionPool(host='www.business-standard.com', port=443): Max retries exceeded with url: /rss/markets-106.rss (Caused by ProxyError('Unable to connect to proxy', NewConnectionError("HTTPSConnection(host='127.0.0.1', port=9): Failed to establish a new connection: [WinError 10061] No connection could be made because the target machine actively refused it")))
2026-05-24 14:28:31 | WARNING  | data.news | Feed fetch failed (https://www.livemint.com/rss/markets): HTTPSConnectionPool(host='www.livemint.com', port=443): Max retries exceeded with url: /rss/markets (Caused by ProxyError('Unable to connect to proxy', NewConnectionError("HTTPSConnection(host='127.0.0.1', port=9): Failed to establish a new connection: [WinError 10061] No connection could be made because the target machine actively refused it")))
2026-05-24 14:28:31 | ERROR    | data.fetcher | get_index_data(^CNX100): unable to open database file
2026-05-24 14:28:31 | WARNING  | data.fetcher | No history data for ^CNX100
2026-05-24 14:28:41 | ERROR    | data.fetcher | get_stock_info(PCJEWELLER.NS): unable to open database file
2026-05-24 14:28:41 | ERROR    | data.fetcher | get_stock_info(ADANIENT.NS): unable to open database file
2026-05-24 14:28:41 | ERROR    | data.fetcher | get_stock_info(RELIANCE.NS): unable to open database file
2026-05-24 14:28:41 | ERROR    | data.fetcher | get_stock_info(TCS.NS): unable to open database file
2026-05-24 14:28:44 | WARNING  | data.news | Feed fetch failed (https://economictimes.indiatimes.com/markets/rssfeeds/1977021501.cms): HTTPSConnectionPool(host='economictimes.indiatimes.com', port=443): Max retries exceeded with url: /markets/rssfeeds/1977021501.cms (Caused by ProxyError('Unable to connect to proxy', NewConnectionError("HTTPSConnection(host='127.0.0.1', port=9): Failed to establish a new connection: [WinError 10061] No connection could be made because the target machine actively refused it")))
2026-05-24 14:28:46 | WARNING  | data.news | Feed fetch failed (https://www.moneycontrol.com/rss/marketsindia.xml): HTTPSConnectionPool(host='www.moneycontrol.com', port=443): Max retries exceeded with url: /rss/marketsindia.xml (Caused by ProxyError('Unable to connect to proxy', NewConnectionError("HTTPSConnection(host='127.0.0.1', port=9): Failed to establish a new connection: [WinError 10061] No connection could be made because the target machine actively refused it")))
2026-05-24 14:28:48 | WARNING  | data.news | Feed fetch failed (https://feeds.feedburner.com/ndtvprofit-latest): HTTPSConnectionPool(host='feeds.feedburner.com', port=443): Max retries exceeded with url: /ndtvprofit-latest (Caused by ProxyError('Unable to connect to proxy', NewConnectionError("HTTPSConnection(host='127.0.0.1', port=9): Failed to establish a new connection: [WinError 10061] No connection could be made because the target machine actively refused it")))
2026-05-24 14:28:50 | WARNING  | data.news | Feed fetch failed (https://www.business-standard.com/rss/markets-106.rss): HTTPSConnectionPool(host='www.business-standard.com', port=443): Max retries exceeded with url: /rss/markets-106.rss (Caused by ProxyError('Unable to connect to proxy', NewConnectionError("HTTPSConnection(host='127.0.0.1', port=9): Failed to establish a new connection: [WinError 10061] No connection could be made because the target machine actively refused it")))
2026-05-24 14:28:52 | WARNING  | data.news | Feed fetch failed (https://www.livemint.com/rss/markets): HTTPSConnectionPool(host='www.livemint.com', port=443): Max retries exceeded with url: /rss/markets (Caused by ProxyError('Unable to connect to proxy', NewConnectionError("HTTPSConnection(host='127.0.0.1', port=9): Failed to establish a new connection: [WinError 10061] No connection could be made because the target machine actively refused it")))
2026-05-24 14:28:52 | ERROR    | data.fetcher | get_index_data(^CNX100): unable to open database file
2026-05-24 14:28:52 | WARNING  | data.fetcher | No history data for ^CNX100
2026-05-24 14:29:01 | ERROR    | data.fetcher | get_stock_info(PCJEWELLER.NS): unable to open database file
2026-05-24 14:29:01 | ERROR    | data.fetcher | get_stock_info(ADANIENT.NS): unable to open database file
2026-05-24 14:29:01 | ERROR    | data.fetcher | get_stock_info(RELIANCE.NS): unable to open database file
2026-05-24 14:29:01 | ERROR    | data.fetcher | get_stock_info(TCS.NS): unable to open database file
2026-05-24 14:29:03 | WARNING  | data.news | Feed fetch failed (https://economictimes.indiatimes.com/markets/rssfeeds/1977021501.cms): HTTPSConnectionPool(host='economictimes.indiatimes.com', port=443): Max retries exceeded with url: /markets/rssfeeds/1977021501.cms (Caused by ProxyError('Unable to connect to proxy', NewConnectionError("HTTPSConnection(host='127.0.0.1', port=9): Failed to establish a new connection: [WinError 10061] No connection could be made because the target machine actively refused it")))
2026-05-24 14:29:05 | WARNING  | data.news | Feed fetch failed (https://www.moneycontrol.com/rss/marketsindia.xml): HTTPSConnectionPool(host='www.moneycontrol.com', port=443): Max retries exceeded with url: /rss/marketsindia.xml (Caused by ProxyError('Unable to connect to proxy', NewConnectionError("HTTPSConnection(host='127.0.0.1', port=9): Failed to establish a new connection: [WinError 10061] No connection could be made because the target machine actively refused it")))
2026-05-24 14:29:07 | WARNING  | data.news | Feed fetch failed (https://feeds.feedburner.com/ndtvprofit-latest): HTTPSConnectionPool(host='feeds.feedburner.com', port=443): Max retries exceeded with url: /ndtvprofit-latest (Caused by ProxyError('Unable to connect to proxy', NewConnectionError("HTTPSConnection(host='127.0.0.1', port=9): Failed to establish a new connection: [WinError 10061] No connection could be made because the target machine actively refused it")))
2026-05-24 14:29:09 | WARNING  | data.news | Feed fetch failed (https://www.business-standard.com/rss/markets-106.rss): HTTPSConnectionPool(host='www.business-standard.com', port=443): Max retries exceeded with url: /rss/markets-106.rss (Caused by ProxyError('Unable to connect to proxy', NewConnectionError("HTTPSConnection(host='127.0.0.1', port=9): Failed to establish a new connection: [WinError 10061] No connection could be made because the target machine actively refused it")))
2026-05-24 14:29:11 | WARNING  | data.news | Feed fetch failed (https://www.livemint.com/rss/markets): HTTPSConnectionPool(host='www.livemint.com', port=443): Max retries exceeded with url: /rss/markets (Caused by ProxyError('Unable to connect to proxy', NewConnectionError("HTTPSConnection(host='127.0.0.1', port=9): Failed to establish a new connection: [WinError 10061] No connection could be made because the target machine actively refused it")))
2026-05-24 14:29:11 | ERROR    | data.fetcher | get_index_data(^CNX100): unable to open database file
2026-05-24 14:29:11 | WARNING  | data.fetcher | No history data for ^CNX100
2026-05-24 14:29:19 | ERROR    | data.fetcher | get_stock_info(PCJEWELLER.NS): unable to open database file
2026-05-24 14:29:19 | ERROR    | data.fetcher | get_stock_info(ADANIENT.NS): unable to open database file
2026-05-24 14:29:19 | ERROR    | data.fetcher | get_stock_info(RELIANCE.NS): unable to open database file
2026-05-24 14:29:19 | ERROR    | data.fetcher | get_stock_info(TCS.NS): unable to open database file
2026-05-24 14:29:22 | WARNING  | data.news | Feed fetch failed (https://economictimes.indiatimes.com/markets/rssfeeds/1977021501.cms): HTTPSConnectionPool(host='economictimes.indiatimes.com', port=443): Max retries exceeded with url: /markets/rssfeeds/1977021501.cms (Caused by ProxyError('Unable to connect to proxy', NewConnectionError("HTTPSConnection(host='127.0.0.1', port=9): Failed to establish a new connection: [WinError 10061] No connection could be made because the target machine actively refused it")))
2026-05-24 14:29:24 | WARNING  | data.news | Feed fetch failed (https://www.moneycontrol.com/rss/marketsindia.xml): HTTPSConnectionPool(host='www.moneycontrol.com', port=443): Max retries exceeded with url: /rss/marketsindia.xml (Caused by ProxyError('Unable to connect to proxy', NewConnectionError("HTTPSConnection(host='127.0.0.1', port=9): Failed to establish a new connection: [WinError 10061] No connection could be made because the target machine actively refused it")))
2026-05-24 14:29:26 | WARNING  | data.news | Feed fetch failed (https://feeds.feedburner.com/ndtvprofit-latest): HTTPSConnectionPool(host='feeds.feedburner.com', port=443): Max retries exceeded with url: /ndtvprofit-latest (Caused by ProxyError('Unable to connect to proxy', NewConnectionError("HTTPSConnection(host='127.0.0.1', port=9): Failed to establish a new connection: [WinError 10061] No connection could be made because the target machine actively refused it")))
2026-05-24 14:29:28 | WARNING  | data.news | Feed fetch failed (https://www.business-standard.com/rss/markets-106.rss): HTTPSConnectionPool(host='www.business-standard.com', port=443): Max retries exceeded with url: /rss/markets-106.rss (Caused by ProxyError('Unable to connect to proxy', NewConnectionError("HTTPSConnection(host='127.0.0.1', port=9): Failed to establish a new connection: [WinError 10061] No connection could be made because the target machine actively refused it")))
2026-05-24 14:29:30 | WARNING  | data.news | Feed fetch failed (https://www.livemint.com/rss/markets): HTTPSConnectionPool(host='www.livemint.com', port=443): Max retries exceeded with url: /rss/markets (Caused by ProxyError('Unable to connect to proxy', NewConnectionError("HTTPSConnection(host='127.0.0.1', port=9): Failed to establish a new connection: [WinError 10061] No connection could be made because the target machine actively refused it")))
2026-05-24 14:29:30 | ERROR    | data.fetcher | get_index_data(^CNX100): unable to open database file
2026-05-24 14:29:30 | WARNING  | data.fetcher | No history data for ^CNX100
2026-05-24 14:31:19 | ERROR    | data.fetcher | get_stock_info(PCJEWELLER.NS): unable to open database file
2026-05-24 14:31:19 | ERROR    | data.fetcher | get_stock_info(ADANIENT.NS): unable to open database file
2026-05-24 14:31:19 | ERROR    | data.fetcher | get_stock_info(RELIANCE.NS): unable to open database file
2026-05-24 14:31:19 | ERROR    | data.fetcher | get_stock_info(TCS.NS): unable to open database file
2026-05-24 14:31:21 | WARNING  | data.news | Feed fetch failed (https://economictimes.indiatimes.com/markets/rssfeeds/1977021501.cms): HTTPSConnectionPool(host='economictimes.indiatimes.com', port=443): Max retries exceeded with url: /markets/rssfeeds/1977021501.cms (Caused by ProxyError('Unable to connect to proxy', NewConnectionError("HTTPSConnection(host='127.0.0.1', port=9): Failed to establish a new connection: [WinError 10061] No connection could be made because the target machine actively refused it")))
2026-05-24 14:31:23 | WARNING  | data.news | Feed fetch failed (https://www.moneycontrol.com/rss/marketsindia.xml): HTTPSConnectionPool(host='www.moneycontrol.com', port=443): Max retries exceeded with url: /rss/marketsindia.xml (Caused by ProxyError('Unable to connect to proxy', NewConnectionError("HTTPSConnection(host='127.0.0.1', port=9): Failed to establish a new connection: [WinError 10061] No connection could be made because the target machine actively refused it")))
2026-05-24 14:31:25 | WARNING  | data.news | Feed fetch failed (https://feeds.feedburner.com/ndtvprofit-latest): HTTPSConnectionPool(host='feeds.feedburner.com', port=443): Max retries exceeded with url: /ndtvprofit-latest (Caused by ProxyError('Unable to connect to proxy', NewConnectionError("HTTPSConnection(host='127.0.0.1', port=9): Failed to establish a new connection: [WinError 10061] No connection could be made because the target machine actively refused it")))
2026-05-24 14:31:27 | WARNING  | data.news | Feed fetch failed (https://www.business-standard.com/rss/markets-106.rss): HTTPSConnectionPool(host='www.business-standard.com', port=443): Max retries exceeded with url: /rss/markets-106.rss (Caused by ProxyError('Unable to connect to proxy', NewConnectionError("HTTPSConnection(host='127.0.0.1', port=9): Failed to establish a new connection: [WinError 10061] No connection could be made because the target machine actively refused it")))
2026-05-24 14:31:29 | WARNING  | data.news | Feed fetch failed (https://www.livemint.com/rss/markets): HTTPSConnectionPool(host='www.livemint.com', port=443): Max retries exceeded with url: /rss/markets (Caused by ProxyError('Unable to connect to proxy', NewConnectionError("HTTPSConnection(host='127.0.0.1', port=9): Failed to establish a new connection: [WinError 10061] No connection could be made because the target machine actively refused it")))
2026-05-24 14:31:29 | ERROR    | data.fetcher | get_index_data(^CNX100): unable to open database file
2026-05-24 14:31:29 | WARNING  | data.fetcher | No history data for ^CNX100
2026-05-24 14:35:37 | ERROR    | data.fetcher | get_stock_info(PCJEWELLER.NS): unable to open database file
2026-05-24 14:35:37 | ERROR    | data.fetcher | get_stock_info(ADANIENT.NS): unable to open database file
2026-05-24 14:35:37 | ERROR    | data.fetcher | get_stock_info(RELIANCE.NS): unable to open database file
2026-05-24 14:35:37 | ERROR    | data.fetcher | get_stock_info(TCS.NS): unable to open database file
2026-05-24 14:35:39 | WARNING  | data.news | Feed fetch failed (https://economictimes.indiatimes.com/markets/rssfeeds/1977021501.cms): HTTPSConnectionPool(host='economictimes.indiatimes.com', port=443): Max retries exceeded with url: /markets/rssfeeds/1977021501.cms (Caused by ProxyError('Unable to connect to proxy', NewConnectionError("HTTPSConnection(host='127.0.0.1', port=9): Failed to establish a new connection: [WinError 10061] No connection could be made because the target machine actively refused it")))
2026-05-24 14:35:41 | WARNING  | data.news | Feed fetch failed (https://www.moneycontrol.com/rss/marketsindia.xml): HTTPSConnectionPool(host='www.moneycontrol.com', port=443): Max retries exceeded with url: /rss/marketsindia.xml (Caused by ProxyError('Unable to connect to proxy', NewConnectionError("HTTPSConnection(host='127.0.0.1', port=9): Failed to establish a new connection: [WinError 10061] No connection could be made because the target machine actively refused it")))
2026-05-24 14:35:43 | WARNING  | data.news | Feed fetch failed (https://feeds.feedburner.com/ndtvprofit-latest): HTTPSConnectionPool(host='feeds.feedburner.com', port=443): Max retries exceeded with url: /ndtvprofit-latest (Caused by ProxyError('Unable to connect to proxy', NewConnectionError("HTTPSConnection(host='127.0.0.1', port=9): Failed to establish a new connection: [WinError 10061] No connection could be made because the target machine actively refused it")))
2026-05-24 14:35:45 | WARNING  | data.news | Feed fetch failed (https://www.business-standard.com/rss/markets-106.rss): HTTPSConnectionPool(host='www.business-standard.com', port=443): Max retries exceeded with url: /rss/markets-106.rss (Caused by ProxyError('Unable to connect to proxy', NewConnectionError("HTTPSConnection(host='127.0.0.1', port=9): Failed to establish a new connection: [WinError 10061] No connection could be made because the target machine actively refused it")))
2026-05-24 14:35:47 | WARNING  | data.news | Feed fetch failed (https://www.livemint.com/rss/markets): HTTPSConnectionPool(host='www.livemint.com', port=443): Max retries exceeded with url: /rss/markets (Caused by ProxyError('Unable to connect to proxy', NewConnectionError("HTTPSConnection(host='127.0.0.1', port=9): Failed to establish a new connection: [WinError 10061] No connection could be made because the target machine actively refused it")))
2026-05-24 14:38:59 | ERROR    | data.fetcher | get_stock_info(PCJEWELLER.NS): unable to open database file
2026-05-24 14:38:59 | ERROR    | data.fetcher | get_stock_info(ADANIENT.NS): unable to open database file
2026-05-24 14:38:59 | ERROR    | data.fetcher | get_stock_info(RELIANCE.NS): unable to open database file
2026-05-24 14:38:59 | ERROR    | data.fetcher | get_stock_info(TCS.NS): unable to open database file
2026-05-24 14:39:01 | WARNING  | data.news | Feed fetch failed (https://economictimes.indiatimes.com/markets/rssfeeds/1977021501.cms): HTTPSConnectionPool(host='economictimes.indiatimes.com', port=443): Max retries exceeded with url: /markets/rssfeeds/1977021501.cms (Caused by ProxyError('Unable to connect to proxy', NewConnectionError("HTTPSConnection(host='127.0.0.1', port=9): Failed to establish a new connection: [WinError 10061] No connection could be made because the target machine actively refused it")))
2026-05-24 14:39:03 | WARNING  | data.news | Feed fetch failed (https://www.moneycontrol.com/rss/marketsindia.xml): HTTPSConnectionPool(host='www.moneycontrol.com', port=443): Max retries exceeded with url: /rss/marketsindia.xml (Caused by ProxyError('Unable to connect to proxy', NewConnectionError("HTTPSConnection(host='127.0.0.1', port=9): Failed to establish a new connection: [WinError 10061] No connection could be made because the target machine actively refused it")))
2026-05-24 14:39:05 | WARNING  | data.news | Feed fetch failed (https://feeds.feedburner.com/ndtvprofit-latest): HTTPSConnectionPool(host='feeds.feedburner.com', port=443): Max retries exceeded with url: /ndtvprofit-latest (Caused by ProxyError('Unable to connect to proxy', NewConnectionError("HTTPSConnection(host='127.0.0.1', port=9): Failed to establish a new connection: [WinError 10061] No connection could be made because the target machine actively refused it")))
2026-05-24 14:39:07 | WARNING  | data.news | Feed fetch failed (https://www.business-standard.com/rss/markets-106.rss): HTTPSConnectionPool(host='www.business-standard.com', port=443): Max retries exceeded with url: /rss/markets-106.rss (Caused by ProxyError('Unable to connect to proxy', NewConnectionError("HTTPSConnection(host='127.0.0.1', port=9): Failed to establish a new connection: [WinError 10061] No connection could be made because the target machine actively refused it")))
2026-05-24 14:39:09 | WARNING  | data.news | Feed fetch failed (https://www.livemint.com/rss/markets): HTTPSConnectionPool(host='www.livemint.com', port=443): Max retries exceeded with url: /rss/markets (Caused by ProxyError('Unable to connect to proxy', NewConnectionError("HTTPSConnection(host='127.0.0.1', port=9): Failed to establish a new connection: [WinError 10061] No connection could be made because the target machine actively refused it")))
2026-05-24 15:14:28 | WARNING  | data.fetcher | No history data for GC=F
2026-05-24 15:16:45 | WARNING  | data.news | Feed fetch failed (https://www.business-standard.com/rss/markets-106.rss): HTTPSConnectionPool(host='www.business-standard.com', port=443): Read timed out. (read timeout=10)
2026-05-24 19:02:13 | WARNING  | data.fetcher | No history data for RECLTD
2026-05-24 19:26:15 | WARNING  | data.fetcher | No history data for RECLTD
2026-05-24 19:26:31 | WARNING  | data.fetcher | No history data for RAJESHEXPO
2026-05-24 19:26:45 | WARNING  | data.fetcher | No history data for RAJESHEXPO
2026-05-24 19:26:50 | WARNING  | data.fetcher | No history data for RAJESHEXPO
2026-05-24 19:28:31 | WARNING  | data.fetcher | No history data for RAJESHEXPO
2026-05-24 19:30:28 | WARNING  | data.fetcher | No history data for RAJESHEXPO
2026-05-24 19:30:41 | WARNING  | data.news | Feed fetch failed (https://www.moneycontrol.com/rss/marketsindia.xml): 403 Client Error: Forbidden for url: https://www.moneycontrol.com/rss/marketsindia.xml
2026-05-24 19:32:27 | WARNING  | data.fetcher | No history data for RAJESHEXPO
2026-05-24 19:33:25 | WARNING  | data.news | Feed fetch failed (https://www.moneycontrol.com/rss/marketsindia.xml): 403 Client Error: Forbidden for url: https://www.moneycontrol.com/rss/marketsindia.xml
2026-05-24 19:33:29 | WARNING  | data.fetcher | No history data for RAJESHEXPO
2026-05-24 19:34:44 | WARNING  | data.fetcher | No history data for RAJESHEXPO
2026-05-24 19:35:45 | WARNING  | data.news | Feed fetch failed (https://www.moneycontrol.com/rss/marketsindia.xml): 403 Client Error: Forbidden for url: https://www.moneycontrol.com/rss/marketsindia.xml
2026-05-24 19:35:49 | WARNING  | data.fetcher | No history data for RAJESHEXPO
2026-05-24 19:37:43 | WARNING  | data.fetcher | No history data for RAJESHEXPO
2026-05-24 19:38:41 | WARNING  | data.news | Feed fetch failed (https://www.moneycontrol.com/rss/marketsindia.xml): 403 Client Error: Forbidden for url: https://www.moneycontrol.com/rss/marketsindia.xml
2026-05-24 19:38:47 | WARNING  | data.fetcher | No history data for RAJESHEXPO
2026-05-24 19:40:46 | WARNING  | data.fetcher | No history data for RAJESHEXPO
2026-05-24 19:41:42 | WARNING  | data.news | Feed fetch failed (https://www.moneycontrol.com/rss/marketsindia.xml): 403 Client Error: Forbidden for url: https://www.moneycontrol.com/rss/marketsindia.xml
2026-05-24 19:42:44 | WARNING  | data.fetcher | No history data for RAJESHEXPO
2026-05-24 19:44:29 | WARNING  | data.news | Feed fetch failed (https://www.moneycontrol.com/rss/marketsindia.xml): 403 Client Error: Forbidden for url: https://www.moneycontrol.com/rss/marketsindia.xml
2026-05-24 19:44:33 | WARNING  | data.fetcher | No history data for RAJESHEXPO
2026-05-24 19:45:45 | WARNING  | data.fetcher | No history data for RAJESHEXPO
2026-05-24 19:46:43 | WARNING  | data.news | Feed fetch failed (https://www.moneycontrol.com/rss/marketsindia.xml): 403 Client Error: Forbidden for url: https://www.moneycontrol.com/rss/marketsindia.xml
2026-05-24 19:46:47 | WARNING  | data.fetcher | No history data for RAJESHEXPO
2026-05-24 19:48:37 | WARNING  | data.fetcher | No history data for RAJESHEXPO
2026-05-24 19:49:17 | WARNING  | data.news | Feed fetch failed (https://www.moneycontrol.com/rss/marketsindia.xml): 403 Client Error: Forbidden for url: https://www.moneycontrol.com/rss/marketsindia.xml
2026-05-24 19:49:58 | WARNING  | data.fetcher | No history data for RAJESHEXPO
2026-05-24 19:51:18 | WARNING  | data.fetcher | No history data for RAJESHEXPO
2026-05-24 19:51:38 | WARNING  | data.news | Feed fetch failed (https://www.moneycontrol.com/rss/marketsindia.xml): 403 Client Error: Forbidden for url: https://www.moneycontrol.com/rss/marketsindia.xml
2026-05-24 19:53:59 | WARNING  | data.news | Feed fetch failed (https://www.moneycontrol.com/rss/marketsindia.xml): 403 Client Error: Forbidden for url: https://www.moneycontrol.com/rss/marketsindia.xml
2026-05-24 19:56:08 | WARNING  | data.news | Feed fetch failed (https://www.moneycontrol.com/rss/marketsindia.xml): 403 Client Error: Forbidden for url: https://www.moneycontrol.com/rss/marketsindia.xml
2026-05-24 19:59:45 | WARNING  | data.news | Feed fetch failed (https://www.moneycontrol.com/rss/marketsindia.xml): 403 Client Error: Forbidden for url: https://www.moneycontrol.com/rss/marketsindia.xml
2026-05-24 20:01:59 | WARNING  | data.news | Feed fetch failed (https://www.moneycontrol.com/rss/marketsindia.xml): 403 Client Error: Forbidden for url: https://www.moneycontrol.com/rss/marketsindia.xml
2026-05-24 20:04:25 | WARNING  | data.news | Feed fetch failed (https://www.moneycontrol.com/rss/marketsindia.xml): 403 Client Error: Forbidden for url: https://www.moneycontrol.com/rss/marketsindia.xml
2026-05-24 20:04:51 | WARNING  | data.fetcher | No history data for RAJESHEXPO
2026-05-24 20:05:20 | WARNING  | data.fetcher | No history data for RAJESHEXPO
2026-05-24 20:06:40 | WARNING  | data.news | Feed fetch failed (https://www.moneycontrol.com/rss/marketsindia.xml): 403 Client Error: Forbidden for url: https://www.moneycontrol.com/rss/marketsindia.xml
2026-05-24 20:06:43 | WARNING  | data.fetcher | No history data for RAJESHEXPO
2026-05-24 20:08:54 | WARNING  | data.news | Feed fetch failed (https://www.moneycontrol.com/rss/marketsindia.xml): 403 Client Error: Forbidden for url: https://www.moneycontrol.com/rss/marketsindia.xml
2026-05-24 20:11:01 | WARNING  | data.news | Feed fetch failed (https://www.moneycontrol.com/rss/marketsindia.xml): 403 Client Error: Forbidden for url: https://www.moneycontrol.com/rss/marketsindia.xml
2026-05-24 20:13:47 | WARNING  | data.news | Feed fetch failed (https://www.moneycontrol.com/rss/marketsindia.xml): 403 Client Error: Forbidden for url: https://www.moneycontrol.com/rss/marketsindia.xml
2026-05-24 20:16:52 | WARNING  | data.news | Feed fetch failed (https://www.moneycontrol.com/rss/marketsindia.xml): 403 Client Error: Forbidden for url: https://www.moneycontrol.com/rss/marketsindia.xml
2026-05-24 20:17:03 | WARNING  | data.news | Feed fetch failed (https://www.moneycontrol.com/rss/marketsindia.xml): 403 Client Error: Forbidden for url: https://www.moneycontrol.com/rss/marketsindia.xml
2026-05-24 20:19:45 | WARNING  | data.news | Feed fetch failed (https://www.moneycontrol.com/rss/marketsindia.xml): 403 Client Error: Forbidden for url: https://www.moneycontrol.com/rss/marketsindia.xml
2026-05-24 20:21:56 | WARNING  | data.news | Feed fetch failed (https://www.moneycontrol.com/rss/marketsindia.xml): 403 Client Error: Forbidden for url: https://www.moneycontrol.com/rss/marketsindia.xml
2026-05-24 20:24:52 | WARNING  | data.news | Feed fetch failed (https://www.moneycontrol.com/rss/marketsindia.xml): 403 Client Error: Forbidden for url: https://www.moneycontrol.com/rss/marketsindia.xml
2026-05-24 20:27:52 | WARNING  | data.news | Feed fetch failed (https://www.moneycontrol.com/rss/marketsindia.xml): 403 Client Error: Forbidden for url: https://www.moneycontrol.com/rss/marketsindia.xml
2026-05-24 20:30:52 | WARNING  | data.news | Feed fetch failed (https://www.moneycontrol.com/rss/marketsindia.xml): 403 Client Error: Forbidden for url: https://www.moneycontrol.com/rss/marketsindia.xml
2026-05-24 20:33:52 | WARNING  | data.news | Feed fetch failed (https://www.moneycontrol.com/rss/marketsindia.xml): 403 Client Error: Forbidden for url: https://www.moneycontrol.com/rss/marketsindia.xml
2026-05-24 20:36:52 | WARNING  | data.news | Feed fetch failed (https://www.moneycontrol.com/rss/marketsindia.xml): 403 Client Error: Forbidden for url: https://www.moneycontrol.com/rss/marketsindia.xml
2026-05-24 20:39:49 | WARNING  | data.news | Feed fetch failed (https://www.moneycontrol.com/rss/marketsindia.xml): 403 Client Error: Forbidden for url: https://www.moneycontrol.com/rss/marketsindia.xml
2026-05-24 20:42:07 | WARNING  | data.news | Feed fetch failed (https://www.moneycontrol.com/rss/marketsindia.xml): 403 Client Error: Forbidden for url: https://www.moneycontrol.com/rss/marketsindia.xml
2026-05-24 20:44:17 | WARNING  | data.news | Feed fetch failed (https://www.moneycontrol.com/rss/marketsindia.xml): 403 Client Error: Forbidden for url: https://www.moneycontrol.com/rss/marketsindia.xml
2026-05-24 20:46:31 | WARNING  | data.news | Feed fetch failed (https://www.moneycontrol.com/rss/marketsindia.xml): 403 Client Error: Forbidden for url: https://www.moneycontrol.com/rss/marketsindia.xml
2026-05-24 20:48:49 | WARNING  | data.news | Feed fetch failed (https://www.moneycontrol.com/rss/marketsindia.xml): 403 Client Error: Forbidden for url: https://www.moneycontrol.com/rss/marketsindia.xml
2026-05-24 20:51:52 | WARNING  | data.news | Feed fetch failed (https://www.moneycontrol.com/rss/marketsindia.xml): 403 Client Error: Forbidden for url: https://www.moneycontrol.com/rss/marketsindia.xml
2026-05-24 20:54:50 | WARNING  | data.news | Feed fetch failed (https://www.moneycontrol.com/rss/marketsindia.xml): 403 Client Error: Forbidden for url: https://www.moneycontrol.com/rss/marketsindia.xml
2026-05-24 20:57:51 | WARNING  | data.news | Feed fetch failed (https://www.moneycontrol.com/rss/marketsindia.xml): 403 Client Error: Forbidden for url: https://www.moneycontrol.com/rss/marketsindia.xml
2026-05-24 21:00:49 | WARNING  | data.news | Feed fetch failed (https://www.moneycontrol.com/rss/marketsindia.xml): 403 Client Error: Forbidden for url: https://www.moneycontrol.com/rss/marketsindia.xml
2026-05-24 21:02:55 | WARNING  | data.news | Feed fetch failed (https://www.moneycontrol.com/rss/marketsindia.xml): 403 Client Error: Forbidden for url: https://www.moneycontrol.com/rss/marketsindia.xml
2026-05-24 21:04:17 | ERROR    | data.fetcher | get_stock_info(PCJEWELLER.NS): Failed to perform, curl: (23) Failure writing output to destination, passed 13 returned 0. See https://curl.se/libcurl/c/libcurl-errors.html first for more details.
2026-05-24 21:04:31 | WARNING  | data.news | Feed fetch failed (https://www.moneycontrol.com/rss/marketsindia.xml): 403 Client Error: Forbidden for url: https://www.moneycontrol.com/rss/marketsindia.xml
2026-05-24 21:04:48 | WARNING  | data.news | Feed fetch failed (https://www.moneycontrol.com/rss/marketsindia.xml): 403 Client Error: Forbidden for url: https://www.moneycontrol.com/rss/marketsindia.xml
2026-05-24 21:05:12 | WARNING  | data.news | Feed fetch failed (https://www.moneycontrol.com/rss/marketsindia.xml): 403 Client Error: Forbidden for url: https://www.moneycontrol.com/rss/marketsindia.xml
2026-05-24 21:07:18 | WARNING  | data.news | Feed fetch failed (https://www.moneycontrol.com/rss/marketsindia.xml): 403 Client Error: Forbidden for url: https://www.moneycontrol.com/rss/marketsindia.xml
2026-05-24 21:09:26 | WARNING  | data.news | Feed fetch failed (https://www.moneycontrol.com/rss/marketsindia.xml): 403 Client Error: Forbidden for url: https://www.moneycontrol.com/rss/marketsindia.xml
2026-05-24 21:12:26 | WARNING  | data.news | Feed fetch failed (https://www.moneycontrol.com/rss/marketsindia.xml): 403 Client Error: Forbidden for url: https://www.moneycontrol.com/rss/marketsindia.xml
2026-05-24 21:14:53 | WARNING  | data.news | Feed fetch failed (https://www.moneycontrol.com/rss/marketsindia.xml): 403 Client Error: Forbidden for url: https://www.moneycontrol.com/rss/marketsindia.xml
2026-05-24 21:17:49 | WARNING  | data.news | Feed fetch failed (https://www.moneycontrol.com/rss/marketsindia.xml): 403 Client Error: Forbidden for url: https://www.moneycontrol.com/rss/marketsindia.xml
2026-05-24 21:20:23 | WARNING  | data.news | Feed fetch failed (https://www.moneycontrol.com/rss/marketsindia.xml): 403 Client Error: Forbidden for url: https://www.moneycontrol.com/rss/marketsindia.xml
2026-05-24 21:22:51 | WARNING  | data.news | Feed fetch failed (https://www.moneycontrol.com/rss/marketsindia.xml): 403 Client Error: Forbidden for url: https://www.moneycontrol.com/rss/marketsindia.xml
2026-05-24 21:25:51 | WARNING  | data.news | Feed fetch failed (https://www.moneycontrol.com/rss/marketsindia.xml): 403 Client Error: Forbidden for url: https://www.moneycontrol.com/rss/marketsindia.xml
2026-05-24 21:27:32 | WARNING  | data.news | Feed fetch failed (https://www.moneycontrol.com/rss/marketsindia.xml): 403 Client Error: Forbidden for url: https://www.moneycontrol.com/rss/marketsindia.xml
2026-05-24 21:28:09 | WARNING  | data.news | Feed fetch failed (https://www.moneycontrol.com/rss/marketsindia.xml): 403 Client Error: Forbidden for url: https://www.moneycontrol.com/rss/marketsindia.xml
2026-05-24 21:30:15 | WARNING  | data.news | Feed fetch failed (https://www.moneycontrol.com/rss/marketsindia.xml): 403 Client Error: Forbidden for url: https://www.moneycontrol.com/rss/marketsindia.xml
2026-05-24 21:33:16 | WARNING  | data.news | Feed fetch failed (https://www.moneycontrol.com/rss/marketsindia.xml): 403 Client Error: Forbidden for url: https://www.moneycontrol.com/rss/marketsindia.xml
2026-05-24 21:43:59 | WARNING  | data.news | Feed fetch failed (https://www.moneycontrol.com/rss/marketsindia.xml): 403 Client Error: Forbidden for url: https://www.moneycontrol.com/rss/marketsindia.xml
2026-05-24 21:46:29 | WARNING  | data.news | Feed fetch failed (https://www.moneycontrol.com/rss/marketsindia.xml): 403 Client Error: Forbidden for url: https://www.moneycontrol.com/rss/marketsindia.xml
2026-05-24 21:48:35 | WARNING  | data.news | Feed fetch failed (https://www.moneycontrol.com/rss/marketsindia.xml): 403 Client Error: Forbidden for url: https://www.moneycontrol.com/rss/marketsindia.xml
2026-05-24 21:51:11 | WARNING  | data.news | Feed fetch failed (https://www.moneycontrol.com/rss/marketsindia.xml): 403 Client Error: Forbidden for url: https://www.moneycontrol.com/rss/marketsindia.xml
2026-05-24 21:54:35 | WARNING  | data.news | Feed fetch failed (https://www.moneycontrol.com/rss/marketsindia.xml): 403 Client Error: Forbidden for url: https://www.moneycontrol.com/rss/marketsindia.xml
2026-05-24 21:56:57 | WARNING  | data.news | Feed fetch failed (https://www.moneycontrol.com/rss/marketsindia.xml): 403 Client Error: Forbidden for url: https://www.moneycontrol.com/rss/marketsindia.xml
2026-05-24 21:59:11 | WARNING  | data.news | Feed fetch failed (https://www.moneycontrol.com/rss/marketsindia.xml): 403 Client Error: Forbidden for url: https://www.moneycontrol.com/rss/marketsindia.xml
2026-05-24 22:01:50 | WARNING  | data.news | Feed fetch failed (https://www.moneycontrol.com/rss/marketsindia.xml): 403 Client Error: Forbidden for url: https://www.moneycontrol.com/rss/marketsindia.xml
2026-05-24 22:04:50 | WARNING  | data.news | Feed fetch failed (https://www.moneycontrol.com/rss/marketsindia.xml): 403 Client Error: Forbidden for url: https://www.moneycontrol.com/rss/marketsindia.xml
2026-05-24 22:07:50 | WARNING  | data.news | Feed fetch failed (https://www.moneycontrol.com/rss/marketsindia.xml): 403 Client Error: Forbidden for url: https://www.moneycontrol.com/rss/marketsindia.xml
2026-05-24 22:08:38 | WARNING  | data.news | Feed fetch failed (https://www.moneycontrol.com/rss/marketsindia.xml): 403 Client Error: Forbidden for url: https://www.moneycontrol.com/rss/marketsindia.xml
2026-05-25 08:49:43 | ERROR    | data.fetcher | get_stock_info(ADANIENT.NS): Failed to perform, curl: (23) Failure writing output to destination, passed 13 returned 0. See https://curl.se/libcurl/c/libcurl-errors.html first for more details.
2026-05-25 09:42:34 | ERROR    | data.fetcher | get_stock_info(RELIANCE.NS): Failed to perform, curl: (23) Failure writing output to destination, passed 13 returned 0. See https://curl.se/libcurl/c/libcurl-errors.html first for more details.
2026-05-25 14:08:26 | ERROR    | data.fetcher | get_stock_info(ADANIENT.NS): Failed to perform, curl: (23) Failure writing output to destination, passed 13 returned 0. See https://curl.se/libcurl/c/libcurl-errors.html first for more details.
2026-05-25 15:32:58 | WARNING  | data.fetcher | No history data for INDHOTEL.NS
2026-05-25 18:50:57 | WARNING  | data.news | Feed fetch failed (https://www.moneycontrol.com/rss/marketsindia.xml): HTTPSConnectionPool(host='www.moneycontrol.com', port=443): Read timed out. (read timeout=10)
2026-05-25 19:32:47 | WARNING  | data.news | Feed fetch failed (https://www.moneycontrol.com/rss/marketsindia.xml): 403 Client Error: Forbidden for url: https://www.moneycontrol.com/rss/marketsindia.xml
2026-05-25 19:35:48 | WARNING  | data.news | Feed fetch failed (https://www.moneycontrol.com/rss/marketsindia.xml): 403 Client Error: Forbidden for url: https://www.moneycontrol.com/rss/marketsindia.xml
2026-05-25 19:38:46 | WARNING  | data.news | Feed fetch failed (https://www.moneycontrol.com/rss/marketsindia.xml): 403 Client Error: Forbidden for url: https://www.moneycontrol.com/rss/marketsindia.xml
2026-05-25 19:41:51 | WARNING  | data.news | Feed fetch failed (https://www.moneycontrol.com/rss/marketsindia.xml): 403 Client Error: Forbidden for url: https://www.moneycontrol.com/rss/marketsindia.xml
2026-05-25 19:44:46 | WARNING  | data.news | Feed fetch failed (https://www.moneycontrol.com/rss/marketsindia.xml): 403 Client Error: Forbidden for url: https://www.moneycontrol.com/rss/marketsindia.xml
2026-05-25 19:47:48 | WARNING  | data.news | Feed fetch failed (https://www.moneycontrol.com/rss/marketsindia.xml): 403 Client Error: Forbidden for url: https://www.moneycontrol.com/rss/marketsindia.xml
2026-05-25 19:49:52 | WARNING  | data.news | Feed fetch failed (https://www.moneycontrol.com/rss/marketsindia.xml): 403 Client Error: Forbidden for url: https://www.moneycontrol.com/rss/marketsindia.xml
2026-05-25 19:52:01 | WARNING  | data.news | Feed fetch failed (https://www.moneycontrol.com/rss/marketsindia.xml): 403 Client Error: Forbidden for url: https://www.moneycontrol.com/rss/marketsindia.xml
2026-05-25 19:54:48 | WARNING  | data.news | Feed fetch failed (https://www.moneycontrol.com/rss/marketsindia.xml): 403 Client Error: Forbidden for url: https://www.moneycontrol.com/rss/marketsindia.xml
2026-05-25 19:57:27 | ERROR    | data.fetcher | get_stock_info(PCJEWELLER.NS): Failed to perform, curl: (6) Recv failure: Connection was reset. See https://curl.se/libcurl/c/libcurl-errors.html first for more details.
2026-05-25 19:57:27 | ERROR    | data.fetcher | get_stock_info(ADANIENT.NS): Failed to perform, curl: (6) Could not resolve host: query1.finance.yahoo.com. See https://curl.se/libcurl/c/libcurl-errors.html first for more details.
2026-05-25 19:57:27 | ERROR    | data.fetcher | get_stock_info(RELIANCE.NS): Failed to perform, curl: (6) Could not resolve host: query1.finance.yahoo.com. See https://curl.se/libcurl/c/libcurl-errors.html first for more details.
2026-05-25 19:57:27 | ERROR    | data.fetcher | get_stock_info(TCS.NS): Failed to perform, curl: (6) Could not resolve host: query1.finance.yahoo.com. See https://curl.se/libcurl/c/libcurl-errors.html first for more details.
2026-05-25 19:57:34 | WARNING  | data.news | Feed fetch failed (https://www.moneycontrol.com/rss/marketsindia.xml): 403 Client Error: Forbidden for url: https://www.moneycontrol.com/rss/marketsindia.xml
2026-05-25 20:00:06 | WARNING  | data.news | Feed fetch failed (https://www.moneycontrol.com/rss/marketsindia.xml): 403 Client Error: Forbidden for url: https://www.moneycontrol.com/rss/marketsindia.xml
2026-05-25 20:02:46 | WARNING  | data.news | Feed fetch failed (https://www.moneycontrol.com/rss/marketsindia.xml): 403 Client Error: Forbidden for url: https://www.moneycontrol.com/rss/marketsindia.xml
2026-05-25 20:05:07 | WARNING  | data.news | Feed fetch failed (https://www.moneycontrol.com/rss/marketsindia.xml): 403 Client Error: Forbidden for url: https://www.moneycontrol.com/rss/marketsindia.xml
2026-05-25 20:07:46 | WARNING  | data.news | Feed fetch failed (https://www.moneycontrol.com/rss/marketsindia.xml): 403 Client Error: Forbidden for url: https://www.moneycontrol.com/rss/marketsindia.xml
2026-05-25 20:10:47 | WARNING  | data.news | Feed fetch failed (https://www.moneycontrol.com/rss/marketsindia.xml): 403 Client Error: Forbidden for url: https://www.moneycontrol.com/rss/marketsindia.xml
2026-05-25 20:13:45 | WARNING  | data.news | Feed fetch failed (https://www.moneycontrol.com/rss/marketsindia.xml): 403 Client Error: Forbidden for url: https://www.moneycontrol.com/rss/marketsindia.xml
2026-05-25 20:16:50 | WARNING  | data.news | Feed fetch failed (https://www.moneycontrol.com/rss/marketsindia.xml): 403 Client Error: Forbidden for url: https://www.moneycontrol.com/rss/marketsindia.xml
2026-05-25 20:19:03 | WARNING  | data.news | Feed fetch failed (https://www.moneycontrol.com/rss/marketsindia.xml): 403 Client Error: Forbidden for url: https://www.moneycontrol.com/rss/marketsindia.xml
2026-05-25 20:21:11 | WARNING  | data.news | Feed fetch failed (https://www.moneycontrol.com/rss/marketsindia.xml): 403 Client Error: Forbidden for url: https://www.moneycontrol.com/rss/marketsindia.xml
2026-05-25 20:23:46 | WARNING  | data.news | Feed fetch failed (https://www.moneycontrol.com/rss/marketsindia.xml): 403 Client Error: Forbidden for url: https://www.moneycontrol.com/rss/marketsindia.xml
2026-05-25 20:26:48 | WARNING  | data.news | Feed fetch failed (https://www.moneycontrol.com/rss/marketsindia.xml): 403 Client Error: Forbidden for url: https://www.moneycontrol.com/rss/marketsindia.xml
2026-05-25 20:29:03 | WARNING  | data.news | Feed fetch failed (https://www.moneycontrol.com/rss/marketsindia.xml): 403 Client Error: Forbidden for url: https://www.moneycontrol.com/rss/marketsindia.xml
2026-05-25 20:31:09 | WARNING  | data.news | Feed fetch failed (https://www.moneycontrol.com/rss/marketsindia.xml): 403 Client Error: Forbidden for url: https://www.moneycontrol.com/rss/marketsindia.xml
2026-05-25 20:33:15 | WARNING  | data.news | Feed fetch failed (https://www.moneycontrol.com/rss/marketsindia.xml): 403 Client Error: Forbidden for url: https://www.moneycontrol.com/rss/marketsindia.xml
2026-05-25 20:35:46 | WARNING  | data.news | Feed fetch failed (https://www.moneycontrol.com/rss/marketsindia.xml): 403 Client Error: Forbidden for url: https://www.moneycontrol.com/rss/marketsindia.xml
2026-05-25 20:37:59 | WARNING  | data.news | Feed fetch failed (https://www.moneycontrol.com/rss/marketsindia.xml): 403 Client Error: Forbidden for url: https://www.moneycontrol.com/rss/marketsindia.xml
2026-05-25 20:40:52 | WARNING  | data.news | Feed fetch failed (https://www.moneycontrol.com/rss/marketsindia.xml): 403 Client Error: Forbidden for url: https://www.moneycontrol.com/rss/marketsindia.xml
2026-05-25 20:43:49 | WARNING  | data.news | Feed fetch failed (https://www.moneycontrol.com/rss/marketsindia.xml): 403 Client Error: Forbidden for url: https://www.moneycontrol.com/rss/marketsindia.xml
2026-05-25 20:45:56 | WARNING  | data.news | Feed fetch failed (https://www.moneycontrol.com/rss/marketsindia.xml): 403 Client Error: Forbidden for url: https://www.moneycontrol.com/rss/marketsindia.xml
2026-05-25 20:48:48 | WARNING  | data.news | Feed fetch failed (https://www.moneycontrol.com/rss/marketsindia.xml): 403 Client Error: Forbidden for url: https://www.moneycontrol.com/rss/marketsindia.xml
2026-05-25 20:51:03 | WARNING  | data.news | Feed fetch failed (https://www.moneycontrol.com/rss/marketsindia.xml): 403 Client Error: Forbidden for url: https://www.moneycontrol.com/rss/marketsindia.xml
2026-05-25 20:53:46 | WARNING  | data.news | Feed fetch failed (https://www.moneycontrol.com/rss/marketsindia.xml): 403 Client Error: Forbidden for url: https://www.moneycontrol.com/rss/marketsindia.xml
2026-05-25 20:55:50 | WARNING  | data.news | Feed fetch failed (https://www.moneycontrol.com/rss/marketsindia.xml): 403 Client Error: Forbidden for url: https://www.moneycontrol.com/rss/marketsindia.xml
2026-05-25 20:58:06 | WARNING  | data.news | Feed fetch failed (https://www.moneycontrol.com/rss/marketsindia.xml): 403 Client Error: Forbidden for url: https://www.moneycontrol.com/rss/marketsindia.xml
2026-05-25 21:00:33 | WARNING  | data.news | Feed fetch failed (https://www.moneycontrol.com/rss/marketsindia.xml): 403 Client Error: Forbidden for url: https://www.moneycontrol.com/rss/marketsindia.xml
